// Jest Snapshot v1, https://goo.gl/fbAQLP

exports[`Pruebas en componente <Item /> <Item /> debe renderizar correctamente 1`] = `
<styled.div>
  <styled.div>
    <span>
      7.2
    </span>
  </styled.div>
  <styled.div
    imgSource="https://image.tmdb.org/t/p/original/8UlWHLMpgZm9bx6QYh0NFoq67TZ.jpg"
  />
  <styled.div>
    <p>
      Wonder Woman 1984
    </p>
  </styled.div>
</styled.div>
`;
